[i] gpu=NVIDIA GeForce RTX 5060 Laptop GPU sample=/home/hana/trainDone/images/000.jpg
WARNING ⚠️ 'half' is deprecated and will be removed in the future. Use 'quantize' instead.
WARNING ⚠️ 'half' is deprecated and will be removed in the future. Use 'quantize' instead.
WARNING ⚠️ 'half' is deprecated and will be removed in the future. Use 'quantize' instead.
WARNING ⚠️ 'half' is deprecated and will be removed in the future. Use 'quantize' instead.
WARNING ⚠️ 'half' is deprecated and will be removed in the future. Use 'quantize' instead.
WARNING ⚠️ 'half' is deprecated and will be removed in the future. Use 'quantize' instead.
WARNING ⚠️ 'half' is deprecated and will be removed in the future. Use 'quantize' instead.
WARNING ⚠️ 'half' is deprecated and will be removed in the future. Use 'quantize' instead.
WARNING ⚠️ 'half' is deprecated and will be removed in the future. Use 'quantize' instead.
WARNING ⚠️ 'half' is deprecated and will be removed in the future. Use 'quantize' instead.
WARNING ⚠️ 'half' is deprecated and will be removed in the future. Use 'quantize' instead.
WARNING ⚠️ 'half' is deprecated and will be removed in the future. Use 'quantize' instead.
WARNING ⚠️ 'half' is deprecated and will be removed in the future. Use 'quantize' instead.
WARNING ⚠️ 'half' is deprecated and will be removed in the future. Use 'quantize' instead.
WARNING ⚠️ 'half' is deprecated and will be removed in the future. Use 'quantize' instead.
WARNING ⚠️ 'half' is deprecated and will be removed in the future. Use 'quantize' instead.
WARNING ⚠️ 'half' is deprecated and will be removed in the future. Use 'quantize' instead.
WARNING ⚠️ 'half' is deprecated and will be removed in the future. Use 'quantize' instead.
WARNING ⚠️ 'half' is deprecated and will be removed in the future. Use 'quantize' instead.
WARNING ⚠️ 'half' is deprecated and will be removed in the future. Use 'quantize' instead.
WARNING ⚠️ 'half' is deprecated and will be removed in the future. Use 'quantize' instead.
WARNING ⚠️ 'half' is deprecated and will be removed in the future. Use 'quantize' instead.
WARNING ⚠️ 'half' is deprecated and will be removed in the future. Use 'quantize' instead.
WARNING ⚠️ 'half' is deprecated and will be removed in the future. Use 'quantize' instead.
WARNING ⚠️ 'half' is deprecated and will be removed in the future. Use 'quantize' instead.
WARNING ⚠️ 'half' is deprecated and will be removed in the future. Use 'quantize' instead.
WARNING ⚠️ 'half' is deprecated and will be removed in the future. Use 'quantize' instead.
WARNING ⚠️ 'half' is deprecated and will be removed in the future. Use 'quantize' instead.
WARNING ⚠️ 'half' is deprecated and will be removed in the future. Use 'quantize' instead.
WARNING ⚠️ 'half' is deprecated and will be removed in the future. Use 'quantize' instead.
WARNING ⚠️ 'half' is deprecated and will be removed in the future. Use 'quantize' instead.
WARNING ⚠️ 'half' is deprecated and will be removed in the future. Use 'quantize' instead.
WARNING ⚠️ 'half' is deprecated and will be removed in the future. Use 'quantize' instead.
WARNING ⚠️ 'half' is deprecated and will be removed in the future. Use 'quantize' instead.
WARNING ⚠️ 'half' is deprecated and will be removed in the future. Use 'quantize' instead.
WARNING ⚠️ 'half' is deprecated and will be removed in the future. Use 'quantize' instead.
WARNING ⚠️ 'half' is deprecated and will be removed in the future. Use 'quantize' instead.
WARNING ⚠️ 'half' is deprecated and will be removed in the future. Use 'quantize' instead.
WARNING ⚠️ 'half' is deprecated and will be removed in the future. Use 'quantize' instead.
WARNING ⚠️ 'half' is deprecated and will be removed in the future. Use 'quantize' instead.
WARNING ⚠️ 'half' is deprecated and will be removed in the future. Use 'quantize' instead.
WARNING ⚠️ 'half' is deprecated and will be removed in the future. Use 'quantize' instead.
WARNING ⚠️ 'half' is deprecated and will be removed in the future. Use 'quantize' instead.
WARNING ⚠️ 'half' is deprecated and will be removed in the future. Use 'quantize' instead.
WARNING ⚠️ 'half' is deprecated and will be removed in the future. Use 'quantize' instead.
WARNING ⚠️ 'half' is deprecated and will be removed in the future. Use 'quantize' instead.
WARNING ⚠️ 'half' is deprecated and will be removed in the future. Use 'quantize' instead.
WARNING ⚠️ 'half' is deprecated and will be removed in the future. Use 'quantize' instead.
WARNING ⚠️ 'half' is deprecated and will be removed in the future. Use 'quantize' instead.
[torch_fp32_gpu] PyTorch FP32 (GPU): {'runs': 40, 'mean_ms': 3.27, 'median_ms': 3.25, 'p95_ms': 3.39, 'min_ms': 3.16, 'fps': 305.8, 'detections': 2}
WARNING ⚠️ 'half' is deprecated and will be removed in the future. Use 'quantize' instead.
WARNING ⚠️ 'half' is deprecated and will be removed in the future. Use 'quantize' instead.
WARNING ⚠️ 'half' is deprecated and will be removed in the future. Use 'quantize' instead.
WARNING ⚠️ 'half' is deprecated and will be removed in the future. Use 'quantize' instead.
WARNING ⚠️ 'half' is deprecated and will be removed in the future. Use 'quantize' instead.
WARNING ⚠️ 'half' is deprecated and will be removed in the future. Use 'quantize' instead.
WARNING ⚠️ 'half' is deprecated and will be removed in the future. Use 'quantize' instead.
WARNING ⚠️ 'half' is deprecated and will be removed in the future. Use 'quantize' instead.
WARNING ⚠️ 'half' is deprecated and will be removed in the future. Use 'quantize' instead.
WARNING ⚠️ 'half' is deprecated and will be removed in the future. Use 'quantize' instead.
WARNING ⚠️ 'half' is deprecated and will be removed in the future. Use 'quantize' instead.
WARNING ⚠️ 'half' is deprecated and will be removed in the future. Use 'quantize' instead.
WARNING ⚠️ 'half' is deprecated and will be removed in the future. Use 'quantize' instead.
WARNING ⚠️ 'half' is deprecated and will be removed in the future. Use 'quantize' instead.
WARNING ⚠️ 'half' is deprecated and will be removed in the future. Use 'quantize' instead.
WARNING ⚠️ 'half' is deprecated and will be removed in the future. Use 'quantize' instead.
WARNING ⚠️ 'half' is deprecated and will be removed in the future. Use 'quantize' instead.
WARNING ⚠️ 'half' is deprecated and will be removed in the future. Use 'quantize' instead.
WARNING ⚠️ 'half' is deprecated and will be removed in the future. Use 'quantize' instead.
WARNING ⚠️ 'half' is deprecated and will be removed in the future. Use 'quantize' instead.
WARNING ⚠️ 'half' is deprecated and will be removed in the future. Use 'quantize' instead.
WARNING ⚠️ 'half' is deprecated and will be removed in the future. Use 'quantize' instead.
WARNING ⚠️ 'half' is deprecated and will be removed in the future. Use 'quantize' instead.
WARNING ⚠️ 'half' is deprecated and will be removed in the future. Use 'quantize' instead.
WARNING ⚠️ 'half' is deprecated and will be removed in the future. Use 'quantize' instead.
WARNING ⚠️ 'half' is deprecated and will be removed in the future. Use 'quantize' instead.
WARNING ⚠️ 'half' is deprecated and will be removed in the future. Use 'quantize' instead.
WARNING ⚠️ 'half' is deprecated and will be removed in the future. Use 'quantize' instead.
WARNING ⚠️ 'half' is deprecated and will be removed in the future. Use 'quantize' instead.
WARNING ⚠️ 'half' is deprecated and will be removed in the future. Use 'quantize' instead.
WARNING ⚠️ 'half' is deprecated and will be removed in the future. Use 'quantize' instead.
WARNING ⚠️ 'half' is deprecated and will be removed in the future. Use 'quantize' instead.
WARNING ⚠️ 'half' is deprecated and will be removed in the future. Use 'quantize' instead.
WARNING ⚠️ 'half' is deprecated and will be removed in the future. Use 'quantize' instead.
WARNING ⚠️ 'half' is deprecated and will be removed in the future. Use 'quantize' instead.
WARNING ⚠️ 'half' is deprecated and will be removed in the future. Use 'quantize' instead.
WARNING ⚠️ 'half' is deprecated and will be removed in the future. Use 'quantize' instead.
WARNING ⚠️ 'half' is deprecated and will be removed in the future. Use 'quantize' instead.
WARNING ⚠️ 'half' is deprecated and will be removed in the future. Use 'quantize' instead.
WARNING ⚠️ 'half' is deprecated and will be removed in the future. Use 'quantize' instead.
WARNING ⚠️ 'half' is deprecated and will be removed in the future. Use 'quantize' instead.
WARNING ⚠️ 'half' is deprecated and will be removed in the future. Use 'quantize' instead.
WARNING ⚠️ 'half' is deprecated and will be removed in the future. Use 'quantize' instead.
WARNING ⚠️ 'half' is deprecated and will be removed in the future. Use 'quantize' instead.
WARNING ⚠️ 'half' is deprecated and will be removed in the future. Use 'quantize' instead.
WARNING ⚠️ 'half' is deprecated and will be removed in the future. Use 'quantize' instead.
WARNING ⚠️ 'half' is deprecated and will be removed in the future. Use 'quantize' instead.
WARNING ⚠️ 'half' is deprecated and will be removed in the future. Use 'quantize' instead.
WARNING ⚠️ 'half' is deprecated and will be removed in the future. Use 'quantize' instead.
[torch_fp16_gpu] PyTorch FP16 (GPU): {'runs': 40, 'mean_ms': 3.63, 'median_ms': 3.61, 'p95_ms': 3.8, 'min_ms': 3.4, 'fps': 275.3, 'detections': 2}
WARNING ⚠️ 'half' is deprecated and will be removed in the future. Use 'quantize' instead.
WARNING ⚠️ 'half' is deprecated and will be removed in the future. Use 'quantize' instead.
WARNING ⚠️ 'half' is deprecated and will be removed in the future. Use 'quantize' instead.
WARNING ⚠️ 'half' is deprecated and will be removed in the future. Use 'quantize' instead.
WARNING ⚠️ 'half' is deprecated and will be removed in the future. Use 'quantize' instead.
WARNING ⚠️ 'half' is deprecated and will be removed in the future. Use 'quantize' instead.
WARNING ⚠️ 'half' is deprecated and will be removed in the future. Use 'quantize' instead.
WARNING ⚠️ 'half' is deprecated and will be removed in the future. Use 'quantize' instead.
WARNING ⚠️ 'half' is deprecated and will be removed in the future. Use 'quantize' instead.
WARNING ⚠️ 'half' is deprecated and will be removed in the future. Use 'quantize' instead.
WARNING ⚠️ 'half' is deprecated and will be removed in the future. Use 'quantize' instead.
WARNING ⚠️ 'half' is deprecated and will be removed in the future. Use 'quantize' instead.
WARNING ⚠️ 'half' is deprecated and will be removed in the future. Use 'quantize' instead.
WARNING ⚠️ 'half' is deprecated and will be removed in the future. Use 'quantize' instead.
WARNING ⚠️ 'half' is deprecated and will be removed in the future. Use 'quantize' instead.
WARNING ⚠️ 'half' is deprecated and will be removed in the future. Use 'quantize' instead.
WARNING ⚠️ 'half' is deprecated and will be removed in the future. Use 'quantize' instead.
WARNING ⚠️ 'half' is deprecated and will be removed in the future. Use 'quantize' instead.
WARNING ⚠️ 'half' is deprecated and will be removed in the future. Use 'quantize' instead.
WARNING ⚠️ 'half' is deprecated and will be removed in the future. Use 'quantize' instead.
WARNING ⚠️ 'half' is deprecated and will be removed in the future. Use 'quantize' instead.
WARNING ⚠️ 'half' is deprecated and will be removed in the future. Use 'quantize' instead.
WARNING ⚠️ 'half' is deprecated and will be removed in the future. Use 'quantize' instead.
WARNING ⚠️ 'half' is deprecated and will be removed in the future. Use 'quantize' instead.
WARNING ⚠️ 'half' is deprecated and will be removed in the future. Use 'quantize' instead.
WARNING ⚠️ 'half' is deprecated and will be removed in the future. Use 'quantize' instead.
WARNING ⚠️ 'half' is deprecated and will be removed in the future. Use 'quantize' instead.
WARNING ⚠️ 'half' is deprecated and will be removed in the future. Use 'quantize' instead.
WARNING ⚠️ 'half' is deprecated and will be removed in the future. Use 'quantize' instead.
WARNING ⚠️ 'half' is deprecated and will be removed in the future. Use 'quantize' instead.
WARNING ⚠️ 'half' is deprecated and will be removed in the future. Use 'quantize' instead.
WARNING ⚠️ 'half' is deprecated and will be removed in the future. Use 'quantize' instead.
WARNING ⚠️ 'half' is deprecated and will be removed in the future. Use 'quantize' instead.
WARNING ⚠️ 'half' is deprecated and will be removed in the future. Use 'quantize' instead.
WARNING ⚠️ 'half' is deprecated and will be removed in the future. Use 'quantize' instead.
WARNING ⚠️ 'half' is deprecated and will be removed in the future. Use 'quantize' instead.
WARNING ⚠️ 'half' is deprecated and will be removed in the future. Use 'quantize' instead.
WARNING ⚠️ 'half' is deprecated and will be removed in the future. Use 'quantize' instead.
WARNING ⚠️ 'half' is deprecated and will be removed in the future. Use 'quantize' instead.
WARNING ⚠️ 'half' is deprecated and will be removed in the future. Use 'quantize' instead.
WARNING ⚠️ 'half' is deprecated and will be removed in the future. Use 'quantize' instead.
WARNING ⚠️ 'half' is deprecated and will be removed in the future. Use 'quantize' instead.
WARNING ⚠️ 'half' is deprecated and will be removed in the future. Use 'quantize' instead.
WARNING ⚠️ 'half' is deprecated and will be removed in the future. Use 'quantize' instead.
WARNING ⚠️ 'half' is deprecated and will be removed in the future. Use 'quantize' instead.
WARNING ⚠️ 'half' is deprecated and will be removed in the future. Use 'quantize' instead.
WARNING ⚠️ 'half' is deprecated and will be removed in the future. Use 'quantize' instead.
WARNING ⚠️ 'half' is deprecated and will be removed in the future. Use 'quantize' instead.
WARNING ⚠️ 'half' is deprecated and will be removed in the future. Use 'quantize' instead.
[torch_fp32_cpu] PyTorch FP32 (CPU): {'runs': 40, 'mean_ms': 25.27, 'median_ms': 24.92, 'p95_ms': 29.08, 'min_ms': 23.65, 'fps': 39.6, 'detections': 2}
WARNING ⚠️ 'half' is deprecated and will be removed in the future. Use 'quantize' instead.
Ultralytics 8.4.146 🚀 Python-3.12.13 torch-2.14.0+cu130 CPU (13th Gen Intel Core i7-13650HX)
Model summary (fused): 72 layers, 3,006,038 parameters, 0 gradients, 8.1 GFLOPs

[34m[1mPyTorch:[0m starting from '/home/hana/device/vision-opt/hardhat.pt' with input shape (1, 3, 640, 640) BCHW and output shape(s) (1, 6, 8400) (5.9 MB)

[34m[1mONNX:[0m starting export with onnx 1.22.0 opset 12...
[34m[1mONNX:[0m slimming with onnxslim 0.1.96...
[34m[1mONNX:[0m export success ✅ 0.5s, saved as '/home/hana/device/vision-opt/hardhat.onnx' (11.7 MB)

Export complete (0.6s)
Results saved to [1m/home/hana/device/vision-opt/hardhat.onnx[0m
Predict:         yolo predict task=detect model=/home/hana/device/vision-opt/hardhat.onnx imgsz=640 
Validate:        yolo val task=detect model=/home/hana/device/vision-opt/hardhat.onnx imgsz=640 data=D:\dev\yolov5\datasets\Hard-Hats-2/data.yaml  
Visualize:       https://netron.app
WARNING:root:Please consider to run pre-processing before quantization. Refer to example: https://github.com/microsoft/onnxruntime-inference-examples/blob/main/quantization/image_classification/cpu/ReadMe.md 
[i] onnx: /home/hana/device/vision-opt/hardhat.onnx
[onnx_fp32_cpu] {'runs': 40, 'mean_ms': 16.17, 'median_ms': 16.18, 'p95_ms': 16.38, 'min_ms': 15.66, 'fps': 61.9, 'size_mb': 12.27}
[onnx_int8_cpu] {'runs': 40, 'mean_ms': 26.9, 'median_ms': 26.87, 'p95_ms': 27.28, 'min_ms': 26.55, 'fps': 37.2, 'size_mb': 3.36}
[✓] 报告: /home/hana/device/vision-opt/optimization_report.md
